#-------------------------------------------------------------------------------
# Mountain model
#-------------------------------------------------------------------------------
# AUTHOR:
#   Hom Nath Gharti, Princeton University (2016)
#   Hom Nath Gharti, Queen's University (2022-)
# HISTORY:
#   March  13, 2016: First created. Tested with Trelis 15.2
#   August 05, 2022: Updated. Tested with Coreform Cubit 2022.6
#-------------------------------------------------------------------------------
reset
set node constraint on
import stl "mountain_topography.stl" merge stitch 
import stl "mountain_interface.stl" merge stitch 
surface 2  size 10      
surface 2  scheme map    
mesh surface 2                                                     
create surface net from mapped surface 2  heal 
surface 3  size 10      
surface 3  scheme map    
mesh surface 3                                                     
create surface net from mapped surface 3  heal                   
delete Volume 1 2    
compress all  

pause                    

sweep surface 1  vector 0 0 -1  distance 700 

pause

webcut body 1  with plane zplane offset -300 
delete volume 3  
compress all
pause

webcut body 1 with sheet body 2  
delete Body 2
compress all
save cub5 "mountain_geometry_webcut.cub5" overwrite journal 

pause

imprint all
merge all
volume all size 20

surface 5  size 20
surface 5 scheme pave
mesh surface 5
volume 1  redistribute nodes off 
volume 1  scheme Sweep  source surface 5    target surface 7   sweep transform least squares 
volume 1  autosmooth target off 
mesh volume 1 

surface 11  size 20
surface 11 scheme pave
surface 11 scheme pave
mesh surface 7
volume 2  redistribute nodes off 
volume 2  scheme Sweep  source surface 11    target surface 9   sweep transform least squares 
volume 2  autosmooth target off 
mesh volume 2 


merge all
compress all

pause

set duplicate block elements off
block 1 add volume 1 
set duplicate block elements off
block 2 add volume 2 
Sideset 1 add surface 1 
sideset 1 name "absorbing_surface_file_zmax"
Sideset 2 add surface 2 
sideset 2 name "absorbing_surface_file_zmin"
Sideset 3 add surface 12 5 
sideset 3 name "absorbing_surface_file_xmin"
Sideset 4 add surface 10 7 
sideset 4 name "absorbing_surface_file_xmax"
Sideset 5 add surface 9 4 
sideset 5 name "absorbing_surface_file_ymin"
Sideset 6 add surface 11 6 
sideset 6 name "absorbing_surface_file_ymax"

compress all
save cub5 "mountain_mesh.cub5" overwrite journal 
set large exodus file on
export mesh "mountain_mesh.e" dimension 3 overwrite 
