#-------------------------------------------------------------------------------
# Finie fault model
#-------------------------------------------------------------------------------
# AUTHOR:
#   Hom Nath Gharti, Princeton University (2016)
#   Hom Nath Gharti, Queen's University (2022-)
# HISTORY:
#   March  13, 2016: First created. Tested with Trelis 15.2
#   August 05, 2022: Updated. Tested with Coreform Cubit 2022.6
#-------------------------------------------------------------------------------
reset
set node constraint on
brick x 200 y 160 z 100
move Volume 1 preview x 0 y 0 z -50 include_merged 
move Volume 1 x 0 y 0 z -50 include_merged 
webcut body 1  with plane zplane offset -60 
create surface rectangle width 40 height 20 zplane 
move Surface 17  x 0 y 0 z -30 include_merged 
rotate Surface 17 angle 10  about Y include_merged 
compress all
subtract body 3  from body 1  
compress all
save cub5 "fault_geometry.cub5" overwrite journal 

pause

webcut body 1  with plane normal to curve 25  fraction 0 from start 
webcut body 1  with plane normal to curve 25  fraction 1 from start 
webcut body 4  with plane normal to curve 28  fraction 0 from start 
webcut body 4  with plane normal to curve 28  fraction 1 from start 
webcut body 6  with plane from surface 13  
imprint all
merge all
compress all

pause

unmerge surface 8
volume all size 5
volume all scheme Auto
mesh volume all
set node constraint of
node in surf 8 move X 0 Y 0.01 Z 0
node in surf 58 move X 0 Y -0.01 Z 0

pause

set duplicate block elements off
block 1 add volume 2 4 7 5 3 6  
volume all visibility on
set duplicate block elements off
block 2 add volume 1  
Sideset 1 add surface 15 26 36 21 12  
sideset 1 name "absorbing_surface_file_zmax"
Sideset 2 add surface 1  
sideset 2 name "absorbing_surface_file_zmin"
Sideset 3 add surface 2 6  
sideset 3 name "absorbing_surface_file_xmin"
Sideset 4 add surface 3 4  
sideset 4 name "absorbing_surface_file_xmax"
Sideset 5 add surface 14 18 9 5  
sideset 5 name "absorbing_surface_file_ymin"
Sideset 6 add surface 16 17 11 7  
sideset 6 name "absorbing_surface_file_ymax"
save cub5 "fault_mesh.cub5" overwrite journal 
set large exodus file on
export mesh "fault_mesh.e" dimension 3 overwrite 
